
ERROR: 2022/10/19 21:27:54 core.go:157: Vulkan Missing Device Extensions []
ERROR: 2022/10/19 21:28:25 core.go:157: Vulkan Missing Device Extensions []
